
> ai-resume-analyzer-server@1.0.0 dev
> nest start --watch

[2J[3J[H[[90m10:41:16 PM[0m] Starting compilation in watch mode...

[[90m10:41:47 PM[0m] Found 0 errors. Watching for file changes.

[32m[Nest] 435938  - [39m07/17/2026, 10:41:57 PM [32m    LOG[39m [38;5;3m[NestFactory] [39m[32mStarting Nest application...[39m
[32m[Nest] 435938  - [39m07/17/2026, 10:41:57 PM [32m    LOG[39m [38;5;3m[InstanceLoader] [39m[32mAppModule dependencies initialized[39m[38;5;3m +126ms[39m
[32m[Nest] 435938  - [39m07/17/2026, 10:41:57 PM [32m    LOG[39m [38;5;3m[InstanceLoader] [39m[32mPrismaModule dependencies initialized[39m[38;5;3m +3ms[39m
[32m[Nest] 435938  - [39m07/17/2026, 10:41:57 PM [32m    LOG[39m [38;5;3m[InstanceLoader] [39m[32mAuthModule dependencies initialized[39m[38;5;3m +0ms[39m
[32m[Nest] 435938  - [39m07/17/2026, 10:41:57 PM [32m    LOG[39m [38;5;3m[InstanceLoader] [39m[32mConfigHostModule dependencies initialized[39m[38;5;3m +3ms[39m
[32m[Nest] 435938  - [39m07/17/2026, 10:41:57 PM [32m    LOG[39m [38;5;3m[InstanceLoader] [39m[32mDiscoveryModule dependencies initialized[39m[38;5;3m +1ms[39m
Upload directory: /run/media/usama/Files/Projects/ai-resume-analyzer/server/uploads
[32m[Nest] 435938  - [39m07/17/2026, 10:41:57 PM [32m    LOG[39m [38;5;3m[InstanceLoader] [39m[32mConfigModule dependencies initialized[39m[38;5;3m +9ms[39m
[32m[Nest] 435938  - [39m07/17/2026, 10:41:57 PM [32m    LOG[39m [38;5;3m[InstanceLoader] [39m[32mConfigModule dependencies initialized[39m[38;5;3m +1ms[39m
[32m[Nest] 435938  - [39m07/17/2026, 10:41:57 PM [32m    LOG[39m [38;5;3m[InstanceLoader] [39m[32mServeStaticModule dependencies initialized[39m[38;5;3m +1ms[39m
[32m[Nest] 435938  - [39m07/17/2026, 10:41:57 PM [32m    LOG[39m [38;5;3m[InstanceLoader] [39m[32mScheduleModule dependencies initialized[39m[38;5;3m +1ms[39m
[32m[Nest] 435938  - [39m07/17/2026, 10:41:57 PM [32m    LOG[39m [38;5;3m[InstanceLoader] [39m[32mUploadModule dependencies initialized[39m[38;5;3m +4ms[39m
[32m[Nest] 435938  - [39m07/17/2026, 10:41:57 PM [32m    LOG[39m [38;5;3m[InstanceLoader] [39m[32mAiModule dependencies initialized[39m[38;5;3m +0ms[39m
[32m[Nest] 435938  - [39m07/17/2026, 10:41:57 PM [32m    LOG[39m [38;5;3m[InstanceLoader] [39m[32mBullModule dependencies initialized[39m[38;5;3m +0ms[39m
[32m[Nest] 435938  - [39m07/17/2026, 10:41:57 PM [32m    LOG[39m [38;5;3m[InstanceLoader] [39m[32mBullModule dependencies initialized[39m[38;5;3m +0ms[39m
[32m[Nest] 435938  - [39m07/17/2026, 10:41:57 PM [32m    LOG[39m [38;5;3m[InstanceLoader] [39m[32mReferencesModule dependencies initialized[39m[38;5;3m +3ms[39m
[32m[Nest] 435938  - [39m07/17/2026, 10:41:57 PM [32m    LOG[39m [38;5;3m[InstanceLoader] [39m[32mPortfolioModule dependencies initialized[39m[38;5;3m +0ms[39m
[32m[Nest] 435938  - [39m07/17/2026, 10:41:57 PM [32m    LOG[39m [38;5;3m[InstanceLoader] [39m[32mCoverLetterTemplatesModule dependencies initialized[39m[38;5;3m +2ms[39m
[32m[Nest] 435938  - [39m07/17/2026, 10:41:57 PM [32m    LOG[39m [38;5;3m[InstanceLoader] [39m[32mExtensionModule dependencies initialized[39m[38;5;3m +0ms[39m
[32m[Nest] 435938  - [39m07/17/2026, 10:41:57 PM [32m    LOG[39m [38;5;3m[InstanceLoader] [39m[32mApplicationTrackerModule dependencies initialized[39m[38;5;3m +1ms[39m
[32m[Nest] 435938  - [39m07/17/2026, 10:41:57 PM [32m    LOG[39m [38;5;3m[InstanceLoader] [39m[32mRedisModule dependencies initialized[39m[38;5;3m +2ms[39m
[32m[Nest] 435938  - [39m07/17/2026, 10:41:57 PM [32m    LOG[39m [38;5;3m[InstanceLoader] [39m[32mThrottlerModule dependencies initialized[39m[38;5;3m +0ms[39m
[32m[Nest] 435938  - [39m07/17/2026, 10:41:57 PM [32m    LOG[39m [38;5;3m[InstanceLoader] [39m[32mRateLimiterModule dependencies initialized[39m[38;5;3m +15ms[39m
[32m[Nest] 435938  - [39m07/17/2026, 10:41:57 PM [32m    LOG[39m [38;5;3m[InstanceLoader] [39m[32mBullModule dependencies initialized[39m[38;5;3m +4ms[39m
[32m[Nest] 435938  - [39m07/17/2026, 10:41:57 PM [32m    LOG[39m [38;5;3m[InstanceLoader] [39m[32mInterviewPrepModule dependencies initialized[39m[38;5;3m +2ms[39m
[32m[Nest] 435938  - [39m07/17/2026, 10:41:57 PM [32m    LOG[39m [38;5;3m[InstanceLoader] [39m[32mInterviewProcessModule dependencies initialized[39m[38;5;3m +1ms[39m
[32m[Nest] 435938  - [39m07/17/2026, 10:41:57 PM [32m    LOG[39m [38;5;3m[InstanceLoader] [39m[32mOfferNegotiationModule dependencies initialized[39m[38;5;3m +0ms[39m
[32m[Nest] 435938  - [39m07/17/2026, 10:41:57 PM [32m    LOG[39m [38;5;3m[InstanceLoader] [39m[32mPostOnboardingModule dependencies initialized[39m[38;5;3m +1ms[39m
[32m[Nest] 435938  - [39m07/17/2026, 10:41:57 PM [32m    LOG[39m [38;5;3m[InstanceLoader] [39m[32mLinkedInModule dependencies initialized[39m[38;5;3m +0ms[39m
[32m[Nest] 435938  - [39m07/17/2026, 10:41:57 PM [32m    LOG[39m [38;5;3m[InstanceLoader] [39m[32mDeadlinesModule dependencies initialized[39m[38;5;3m +1ms[39m
[32m[Nest] 435938  - [39m07/17/2026, 10:41:57 PM [32m    LOG[39m [38;5;3m[InstanceLoader] [39m[32mCompaniesModule dependencies initialized[39m[38;5;3m +0ms[39m
[32m[Nest] 435938  - [39m07/17/2026, 10:41:57 PM [32m    LOG[39m [38;5;3m[InstanceLoader] [39m[32mResumesModule dependencies initialized[39m[38;5;3m +1ms[39m
[32m[Nest] 435938  - [39m07/17/2026, 10:41:57 PM [32m    LOG[39m [38;5;3m[InstanceLoader] [39m[32mBatchesModule dependencies initialized[39m[38;5;3m +1ms[39m
[32m[Nest] 435938  - [39m07/17/2026, 10:41:57 PM [32m    LOG[39m [38;5;3m[InstanceLoader] [39m[32mJobsModule dependencies initialized[39m[38;5;3m +1ms[39m
[33m[Nest] 435938  - [39m07/17/2026, 10:41:58 PM [33m   WARN[39m [38;5;3m[LegacyRouteConverter] [39m[33mUnsupported route path: "uploads/(.*)". In previous versions, the symbols ?, *, and + were used to denote optional or repeating path parameters. The latest version of "path-to-regexp" now requires the use of named parameters. For example, instead of using a route like /users/* to capture all routes starting with "/users", you should use /users/*path. For more details, refer to the migration guide. Attempting to auto-convert to "uploads/{*path}"...[39m
[32m[Nest] 435938  - [39m07/17/2026, 10:41:58 PM [32m    LOG[39m [38;5;3m[RoutesResolver] [39m[32mResumesController {/api/resumes}:[39m[38;5;3m +24ms[39m
[32m[Nest] 435938  - [39m07/17/2026, 10:41:58 PM [32m    LOG[39m [38;5;3m[RouterExplorer] [39m[32mMapped {/api/resumes, POST} route[39m[38;5;3m +37ms[39m
[32m[Nest] 435938  - [39m07/17/2026, 10:41:58 PM [32m    LOG[39m [38;5;3m[RouterExplorer] [39m[32mMapped {/api/resumes, GET} route[39m[38;5;3m +4ms[39m
[32m[Nest] 435938  - [39m07/17/2026, 10:41:58 PM [32m    LOG[39m [38;5;3m[RouterExplorer] [39m[32mMapped {/api/resumes/:id, GET} route[39m[38;5;3m +4ms[39m
[32m[Nest] 435938  - [39m07/17/2026, 10:41:58 PM [32m    LOG[39m [38;5;3m[RouterExplorer] [39m[32mMapped {/api/resumes/:id, DELETE} route[39m[38;5;3m +2ms[39m
[32m[Nest] 435938  - [39m07/17/2026, 10:41:58 PM [32m    LOG[39m [38;5;3m[RouterExplorer] [39m[32mMapped {/api/resumes/:id/analyze, POST} route[39m[38;5;3m +2ms[39m
[32m[Nest] 435938  - [39m07/17/2026, 10:41:58 PM [32m    LOG[39m [38;5;3m[RouterExplorer] [39m[32mMapped {/api/resumes/:id/cover-letters/latest, GET} route[39m[38;5;3m +2ms[39m
[32m[Nest] 435938  - [39m07/17/2026, 10:41:58 PM [32m    LOG[39m [38;5;3m[RouterExplorer] [39m[32mMapped {/api/resumes/:id/cover-letter, POST} route[39m[38;5;3m +2ms[39m
[32m[Nest] 435938  - [39m07/17/2026, 10:41:58 PM [32m    LOG[39m [38;5;3m[RouterExplorer] [39m[32mMapped {/api/resumes/:id/skill-gap, GET} route[39m[38;5;3m +2ms[39m
[32m[Nest] 435938  - [39m07/17/2026, 10:41:58 PM [32m    LOG[39m [38;5;3m[RouterExplorer] [39m[32mMapped {/api/resumes/:id/skill-gap, POST} route[39m[38;5;3m +6ms[39m
[32m[Nest] 435938  - [39m07/17/2026, 10:41:58 PM [32m    LOG[39m [38;5;3m[RouterExplorer] [39m[32mMapped {/api/resumes/:id/interview-questions, GET} route[39m[38;5;3m +8ms[39m
[32m[Nest] 435938  - [39m07/17/2026, 10:41:58 PM [32m    LOG[39m [38;5;3m[RouterExplorer] [39m[32mMapped {/api/resumes/:id/interview-questions, POST} route[39m[38;5;3m +2ms[39m
[32m[Nest] 435938  - [39m07/17/2026, 10:41:58 PM [32m    LOG[39m [38;5;3m[RouterExplorer] [39m[32mMapped {/api/resumes/:id/salary-estimate, GET} route[39m[38;5;3m +2ms[39m
[32m[Nest] 435938  - [39m07/17/2026, 10:41:58 PM [32m    LOG[39m [38;5;3m[RouterExplorer] [39m[32mMapped {/api/resumes/:id/salary-estimate, POST} route[39m[38;5;3m +3ms[39m
[32m[Nest] 435938  - [39m07/17/2026, 10:41:58 PM [32m    LOG[39m [38;5;3m[RouterExplorer] [39m[32mMapped {/api/resumes/:id/template-suggestions, GET} route[39m[38;5;3m +4ms[39m
[32m[Nest] 435938  - [39m07/17/2026, 10:41:58 PM [32m    LOG[39m [38;5;3m[RouterExplorer] [39m[32mMapped {/api/resumes/:id/template-suggestions, POST} route[39m[38;5;3m +3ms[39m
[32m[Nest] 435938  - [39m07/17/2026, 10:41:58 PM [32m    LOG[39m [38;5;3m[RouterExplorer] [39m[32mMapped {/api/resumes/:id/multi-jd, GET} route[39m[38;5;3m +3ms[39m
[32m[Nest] 435938  - [39m07/17/2026, 10:41:58 PM [32m    LOG[39m [38;5;3m[RouterExplorer] [39m[32mMapped {/api/resumes/:id/multi-jd, POST} route[39m[38;5;3m +4ms[39m
[32m[Nest] 435938  - [39m07/17/2026, 10:41:58 PM [32m    LOG[39m [38;5;3m[RouterExplorer] [39m[32mMapped {/api/resumes/:id/share, POST} route[39m[38;5;3m +14ms[39m
[32m[Nest] 435938  - [39m07/17/2026, 10:41:58 PM [32m    LOG[39m [38;5;3m[RouterExplorer] [39m[32mMapped {/api/resumes/:id/tip-feedback, GET} route[39m[38;5;3m +4ms[39m
[32m[Nest] 435938  - [39m07/17/2026, 10:41:58 PM [32m    LOG[39m [38;5;3m[RouterExplorer] [39m[32mMapped {/api/resumes/:id/tip-feedback, POST} route[39m[38;5;3m +3ms[39m
[32m[Nest] 435938  - [39m07/17/2026, 10:41:58 PM [32m    LOG[39m [38;5;3m[RouterExplorer] [39m[32mMapped {/api/resumes/:id/status, PATCH} route[39m[38;5;3m +2ms[39m
[32m[Nest] 435938  - [39m07/17/2026, 10:41:58 PM [32m    LOG[39m [38;5;3m[RouterExplorer] [39m[32mMapped {/api/resumes/:id/tailored-resume, GET} route[39m[38;5;3m +2ms[39m
[32m[Nest] 435938  - [39m07/17/2026, 10:41:58 PM [32m    LOG[39m [38;5;3m[RouterExplorer] [39m[32mMapped {/api/resumes/:id/tailored-resume, POST} route[39m[38;5;3m +6ms[39m
[32m[Nest] 435938  - [39m07/17/2026, 10:41:58 PM [32m    LOG[39m [38;5;3m[RouterExplorer] [39m[32mMapped {/api/resumes/:id/versions, POST} route[39m[38;5;3m +1ms[39m
[32m[Nest] 435938  - [39m07/17/2026, 10:41:58 PM [32m    LOG[39m [38;5;3m[RouterExplorer] [39m[32mMapped {/api/resumes/:id/versions, GET} route[39m[38;5;3m +2ms[39m
[32m[Nest] 435938  - [39m07/17/2026, 10:41:58 PM [32m    LOG[39m [38;5;3m[RouterExplorer] [39m[32mMapped {/api/resumes/version/:versionId, GET} route[39m[38;5;3m +2ms[39m
[32m[Nest] 435938  - [39m07/17/2026, 10:41:58 PM [32m    LOG[39m [38;5;3m[RouterExplorer] [39m[32mMapped {/api/resumes/version/:versionId, PATCH} route[39m[38;5;3m +10ms[39m
[32m[Nest] 435938  - [39m07/17/2026, 10:41:58 PM [32m    LOG[39m [38;5;3m[RouterExplorer] [39m[32mMapped {/api/resumes/version/:versionId, DELETE} route[39m[38;5;3m +3ms[39m
[32m[Nest] 435938  - [39m07/17/2026, 10:41:58 PM [32m    LOG[39m [38;5;3m[RouterExplorer] [39m[32mMapped {/api/resumes/version/:versionId/primary, PATCH} route[39m[38;5;3m +2ms[39m
[32m[Nest] 435938  - [39m07/17/2026, 10:41:58 PM [32m    LOG[39m [38;5;3m[RoutesResolver] [39m[32mShareController {/api/share}:[39m[38;5;3m +4ms[39m
[32m[Nest] 435938  - [39m07/17/2026, 10:41:58 PM [32m    LOG[39m [38;5;3m[RouterExplorer] [39m[32mMapped {/api/share/:token, GET} route[39m[38;5;3m +3ms[39m
[32m[Nest] 435938  - [39m07/17/2026, 10:41:58 PM [32m    LOG[39m [38;5;3m[RoutesResolver] [39m[32mBatchesController {/api/batches}:[39m[38;5;3m +0ms[39m
[32m[Nest] 435938  - [39m07/17/2026, 10:41:58 PM [32m    LOG[39m [38;5;3m[RouterExplorer] [39m[32mMapped {/api/batches, POST} route[39m[38;5;3m +1ms[39m
[32m[Nest] 435938  - [39m07/17/2026, 10:41:58 PM [32m    LOG[39m [38;5;3m[RouterExplorer] [39m[32mMapped {/api/batches/:id, GET} route[39m[38;5;3m +0ms[39m
[32m[Nest] 435938  - [39m07/17/2026, 10:41:58 PM [32m    LOG[39m [38;5;3m[RoutesResolver] [39m[32mJobsController {/api/jobs}:[39m[38;5;3m +1ms[39m
[32m[Nest] 435938  - [39m07/17/2026, 10:41:58 PM [32m    LOG[39m [38;5;3m[RouterExplorer] [39m[32mMapped {/api/jobs/search, POST} route[39m[38;5;3m +1ms[39m
[32m[Nest] 435938  - [39m07/17/2026, 10:41:58 PM [32m    LOG[39m [38;5;3m[RouterExplorer] [39m[32mMapped {/api/jobs, GET} route[39m[38;5;3m +0ms[39m
[32m[Nest] 435938  - [39m07/17/2026, 10:41:58 PM [32m    LOG[39m [38;5;3m[RouterExplorer] [39m[32mMapped {/api/jobs/:id, GET} route[39m[38;5;3m +1ms[39m
[32m[Nest] 435938  - [39m07/17/2026, 10:41:58 PM [32m    LOG[39m [38;5;3m[RouterExplorer] [39m[32mMapped {/api/jobs/:id/bookmark, PATCH} route[39m[38;5;3m +1ms[39m
[32m[Nest] 435938  - [39m07/17/2026, 10:41:58 PM [32m    LOG[39m [38;5;3m[RouterExplorer] [39m[32mMapped {/api/jobs/:id/tags, POST} route[39m[38;5;3m +1ms[39m
[32m[Nest] 435938  - [39m07/17/2026, 10:41:58 PM [32m    LOG[39m [38;5;3m[RouterExplorer] [39m[32mMapped {/api/jobs/:id/tags/:tag, DELETE} route[39m[38;5;3m +1ms[39m
[32m[Nest] 435938  - [39m07/17/2026, 10:41:58 PM [32m    LOG[39m [38;5;3m[RouterExplorer] [39m[32mMapped {/api/jobs/:id/applied, PATCH} route[39m[38;5;3m +0ms[39m
[32m[Nest] 435938  - [39m07/17/2026, 10:41:58 PM [32m    LOG[39m [38;5;3m[RouterExplorer] [39m[32mMapped {/api/jobs/:id/match, POST} route[39m[38;5;3m +1ms[39m
[32m[Nest] 435938  - [39m07/17/2026, 10:41:58 PM [32m    LOG[39m [38;5;3m[RouterExplorer] [39m[32mMapped {/api/jobs/batch-match, POST} route[39m[38;5;3m +1ms[39m
[32m[Nest] 435938  - [39m07/17/2026, 10:41:58 PM [32m    LOG[39m [38;5;3m[RouterExplorer] [39m[32mMapped {/api/jobs/bookmarked, POST} route[39m[38;5;3m +1ms[39m
[32m[Nest] 435938  - [39m07/17/2026, 10:41:58 PM [32m    LOG[39m [38;5;3m[RouterExplorer] [39m[32mMapped {/api/jobs/searches, POST} route[39m[38;5;3m +5ms[39m
[32m[Nest] 435938  - [39m07/17/2026, 10:41:58 PM [32m    LOG[39m [38;5;3m[RouterExplorer] [39m[32mMapped {/api/jobs/searches, GET} route[39m[38;5;3m +4ms[39m
[32m[Nest] 435938  - [39m07/17/2026, 10:41:58 PM [32m    LOG[39m [38;5;3m[RouterExplorer] [39m[32mMapped {/api/jobs/searches/:id, PATCH} route[39m[38;5;3m +1ms[39m
[32m[Nest] 435938  - [39m07/17/2026, 10:41:58 PM [32m    LOG[39m [38;5;3m[RouterExplorer] [39m[32mMapped {/api/jobs/searches/:id, DELETE} route[39m[38;5;3m +1ms[39m
[32m[Nest] 435938  - [39m07/17/2026, 10:41:58 PM [32m    LOG[39m [38;5;3m[RouterExplorer] [39m[32mMapped {/api/jobs/searches/:id/run, POST} route[39m[38;5;3m +1ms[39m
[32m[Nest] 435938  - [39m07/17/2026, 10:41:58 PM [32m    LOG[39m [38;5;3m[RoutesResolver] [39m[32mDeadlinesController {/api/deadlines}:[39m[38;5;3m +1ms[39m
[32m[Nest] 435938  - [39m07/17/2026, 10:41:58 PM [32m    LOG[39m [38;5;3m[RouterExplorer] [39m[32mMapped {/api/deadlines, POST} route[39m[38;5;3m +0ms[39m
[32m[Nest] 435938  - [39m07/17/2026, 10:41:58 PM [32m    LOG[39m [38;5;3m[RouterExplorer] [39m[32mMapped {/api/deadlines, GET} route[39m[38;5;3m +1ms[39m
[32m[Nest] 435938  - [39m07/17/2026, 10:41:58 PM [32m    LOG[39m [38;5;3m[RouterExplorer] [39m[32mMapped {/api/deadlines/stats, GET} route[39m[38;5;3m +0ms[39m
[32m[Nest] 435938  - [39m07/17/2026, 10:41:58 PM [32m    LOG[39m [38;5;3m[RouterExplorer] [39m[32mMapped {/api/deadlines/upcoming, GET} route[39m[38;5;3m +1ms[39m
[32m[Nest] 435938  - [39m07/17/2026, 10:41:58 PM [32m    LOG[39m [38;5;3m[RouterExplorer] [39m[32mMapped {/api/deadlines/overdue, GET} route[39m[38;5;3m +1ms[39m
[32m[Nest] 435938  - [39m07/17/2026, 10:41:58 PM [32m    LOG[39m [38;5;3m[RouterExplorer] [39m[32mMapped {/api/deadlines/calendar, GET} route[39m[38;5;3m +0ms[39m
[32m[Nest] 435938  - [39m07/17/2026, 10:41:58 PM [32m    LOG[39m [38;5;3m[RouterExplorer] [39m[32mMapped {/api/deadlines/:id, GET} route[39m[38;5;3m +1ms[39m
[32m[Nest] 435938  - [39m07/17/2026, 10:41:58 PM [32m    LOG[39m [38;5;3m[RouterExplorer] [39m[32mMapped {/api/deadlines/:id, PATCH} route[39m[38;5;3m +0ms[39m
[32m[Nest] 435938  - [39m07/17/2026, 10:41:58 PM [32m    LOG[39m [38;5;3m[RouterExplorer] [39m[32mMapped {/api/deadlines/:id/reminder-sent, PATCH} route[39m[38;5;3m +2ms[39m
[32m[Nest] 435938  - [39m07/17/2026, 10:41:58 PM [32m    LOG[39m [38;5;3m[RouterExplorer] [39m[32mMapped {/api/deadlines/:id, DELETE} route[39m[38;5;3m +0ms[39m
[32m[Nest] 435938  - [39m07/17/2026, 10:41:58 PM [32m    LOG[39m [38;5;3m[RoutesResolver] [39m[32mCompaniesController {/api/companies}:[39m[38;5;3m +1ms[39m
[32m[Nest] 435938  - [39m07/17/2026, 10:41:58 PM [32m    LOG[39m [38;5;3m[RouterExplorer] [39m[32mMapped {/api/companies/research/:companyName, GET} route[39m[38;5;3m +1ms[39m
[32m[Nest] 435938  - [39m07/17/2026, 10:41:58 PM [32m    LOG[39m [38;5;3m[RouterExplorer] [39m[32mMapped {/api/companies/research, GET} route[39m[38;5;3m +2ms[39m
[32m[Nest] 435938  - [39m07/17/2026, 10:41:58 PM [32m    LOG[39m [38;5;3m[RoutesResolver] [39m[32mReferencesController {/api/references}:[39m[38;5;3m +1ms[39m
[32m[Nest] 435938  - [39m07/17/2026, 10:41:58 PM [32m    LOG[39m [38;5;3m[RouterExplorer] [39m[32mMapped {/api/references, POST} route[39m[38;5;3m +1ms[39m
[32m[Nest] 435938  - [39m07/17/2026, 10:41:58 PM [32m    LOG[39m [38;5;3m[RouterExplorer] [39m[32mMapped {/api/references, GET} route[39m[38;5;3m +1ms[39m
[32m[Nest] 435938  - [39m07/17/2026, 10:41:58 PM [32m    LOG[39m [38;5;3m[RouterExplorer] [39m[32mMapped {/api/references/:id, GET} route[39m[38;5;3m +0ms[39m
[32m[Nest] 435938  - [39m07/17/2026, 10:41:58 PM [32m    LOG[39m [38;5;3m[RouterExplorer] [39m[32mMapped {/api/references/:id, PATCH} route[39m[38;5;3m +1ms[39m
[32m[Nest] 435938  - [39m07/17/2026, 10:41:58 PM [32m    LOG[39m [38;5;3m[RouterExplorer] [39m[32mMapped {/api/references/:id, DELETE} route[39m[38;5;3m +1ms[39m
[32m[Nest] 435938  - [39m07/17/2026, 10:41:58 PM [32m    LOG[39m [38;5;3m[RouterExplorer] [39m[32mMapped {/api/references/:id/status, PATCH} route[39m[38;5;3m +0ms[39m
[32m[Nest] 435938  - [39m07/17/2026, 10:41:58 PM [32m    LOG[39m [38;5;3m[RoutesResolver] [39m[32mPortfolioController {/api/portfolio}:[39m[38;5;3m +1ms[39m
[32m[Nest] 435938  - [39m07/17/2026, 10:41:58 PM [32m    LOG[39m [38;5;3m[RouterExplorer] [39m[32mMapped {/api/portfolio, POST} route[39m[38;5;3m +3ms[39m
[32m[Nest] 435938  - [39m07/17/2026, 10:41:58 PM [32m    LOG[39m [38;5;3m[RouterExplorer] [39m[32mMapped {/api/portfolio, GET} route[39m[38;5;3m +0ms[39m
[32m[Nest] 435938  - [39m07/17/2026, 10:41:58 PM [32m    LOG[39m [38;5;3m[RouterExplorer] [39m[32mMapped {/api/portfolio/:id, GET} route[39m[38;5;3m +1ms[39m
[32m[Nest] 435938  - [39m07/17/2026, 10:41:58 PM [32m    LOG[39m [38;5;3m[RouterExplorer] [39m[32mMapped {/api/portfolio/:id, PATCH} route[39m[38;5;3m +1ms[39m
[32m[Nest] 435938  - [39m07/17/2026, 10:41:58 PM [32m    LOG[39m [38;5;3m[RouterExplorer] [39m[32mMapped {/api/portfolio/:id, DELETE} route[39m[38;5;3m +0ms[39m
[32m[Nest] 435938  - [39m07/17/2026, 10:41:58 PM [32m    LOG[39m [38;5;3m[RoutesResolver] [39m[32mCoverLetterTemplatesController {/api/cover-letter-templates}:[39m[38;5;3m +2ms[39m
[32m[Nest] 435938  - [39m07/17/2026, 10:41:58 PM [32m    LOG[39m [38;5;3m[RouterExplorer] [39m[32mMapped {/api/cover-letter-templates, POST} route[39m[38;5;3m +1ms[39m
[32m[Nest] 435938  - [39m07/17/2026, 10:41:58 PM [32m    LOG[39m [38;5;3m[RouterExplorer] [39m[32mMapped {/api/cover-letter-templates, GET} route[39m[38;5;3m +1ms[39m
[32m[Nest] 435938  - [39m07/17/2026, 10:41:58 PM [32m    LOG[39m [38;5;3m[RouterExplorer] [39m[32mMapped {/api/cover-letter-templates/:id, GET} route[39m[38;5;3m +2ms[39m
[32m[Nest] 435938  - [39m07/17/2026, 10:41:58 PM [32m    LOG[39m [38;5;3m[RouterExplorer] [39m[32mMapped {/api/cover-letter-templates/:id, PATCH} route[39m[38;5;3m +1ms[39m
[32m[Nest] 435938  - [39m07/17/2026, 10:41:58 PM [32m    LOG[39m [38;5;3m[RouterExplorer] [39m[32mMapped {/api/cover-letter-templates/:id, DELETE} route[39m[38;5;3m +1ms[39m
[32m[Nest] 435938  - [39m07/17/2026, 10:41:58 PM [32m    LOG[39m [38;5;3m[RouterExplorer] [39m[32mMapped {/api/cover-letter-templates/:id/apply, POST} route[39m[38;5;3m +0ms[39m
[32m[Nest] 435938  - [39m07/17/2026, 10:41:58 PM [32m    LOG[39m [38;5;3m[RouterExplorer] [39m[32mMapped {/api/cover-letter-templates/:id/set-default, PATCH} route[39m[38;5;3m +1ms[39m
[32m[Nest] 435938  - [39m07/17/2026, 10:41:58 PM [32m    LOG[39m [38;5;3m[RoutesResolver] [39m[32mLinkedInController {/api/linkedin}:[39m[38;5;3m +1ms[39m
[32m[Nest] 435938  - [39m07/17/2026, 10:41:58 PM [32m    LOG[39m [38;5;3m[RouterExplorer] [39m[32mMapped {/api/linkedin/analyze, POST} route[39m[38;5;3m +2ms[39m
[32m[Nest] 435938  - [39m07/17/2026, 10:41:58 PM [32m    LOG[39m [38;5;3m[RouterExplorer] [39m[32mMapped {/api/linkedin/profiles, GET} route[39m[38;5;3m +1ms[39m
[32m[Nest] 435938  - [39m07/17/2026, 10:41:58 PM [32m    LOG[39m [38;5;3m[RouterExplorer] [39m[32mMapped {/api/linkedin/profiles/:id, GET} route[39m[38;5;3m +2ms[39m
[32m[Nest] 435938  - [39m07/17/2026, 10:41:58 PM [32m    LOG[39m [38;5;3m[RouterExplorer] [39m[32mMapped {/api/linkedin/profiles/:id, DELETE} route[39m[38;5;3m +0ms[39m
[32m[Nest] 435938  - [39m07/17/2026, 10:41:58 PM [32m    LOG[39m [38;5;3m[RouterExplorer] [39m[32mMapped {/api/linkedin/profiles/:id/reanalyze, POST} route[39m[38;5;3m +3ms[39m
[32m[Nest] 435938  - [39m07/17/2026, 10:41:58 PM [32m    LOG[39m [38;5;3m[RoutesResolver] [39m[32mExtensionController {/api/extension}:[39m[38;5;3m +3ms[39m
[32m[Nest] 435938  - [39m07/17/2026, 10:41:58 PM [32m    LOG[39m [38;5;3m[RouterExplorer] [39m[32mMapped {/api/extension/profile, GET} route[39m[38;5;3m +0ms[39m
[32m[Nest] 435938  - [39m07/17/2026, 10:41:58 PM [32m    LOG[39m [38;5;3m[RouterExplorer] [39m[32mMapped {/api/extension/auth/login, POST} route[39m[38;5;3m +1ms[39m
[32m[Nest] 435938  - [39m07/17/2026, 10:41:58 PM [32m    LOG[39m [38;5;3m[RouterExplorer] [39m[32mMapped {/api/extension/auth/clerk, POST} route[39m[38;5;3m +1ms[39m
[32m[Nest] 435938  - [39m07/17/2026, 10:41:58 PM [32m    LOG[39m [38;5;3m[RouterExplorer] [39m[32mMapped {/api/extension/applications, POST} route[39m[38;5;3m +0ms[39m
[32m[Nest] 435938  - [39m07/17/2026, 10:41:58 PM [32m    LOG[39m [38;5;3m[RouterExplorer] [39m[32mMapped {/api/extension/applications, GET} route[39m[38;5;3m +1ms[39m
[32m[Nest] 435938  - [39m07/17/2026, 10:41:58 PM [32m    LOG[39m [38;5;3m[RouterExplorer] [39m[32mMapped {/api/extension/applications/:id, GET} route[39m[38;5;3m +0ms[39m
[32m[Nest] 435938  - [39m07/17/2026, 10:41:58 PM [32m    LOG[39m [38;5;3m[RouterExplorer] [39m[32mMapped {/api/extension/applications/:id, PATCH} route[39m[38;5;3m +1ms[39m
[32m[Nest] 435938  - [39m07/17/2026, 10:41:58 PM [32m    LOG[39m [38;5;3m[RouterExplorer] [39m[32mMapped {/api/extension/applications/:id, DELETE} route[39m[38;5;3m +1ms[39m
[32m[Nest] 435938  - [39m07/17/2026, 10:41:58 PM [32m    LOG[39m [38;5;3m[RouterExplorer] [39m[32mMapped {/api/extension/applications/:id/comms, POST} route[39m[38;5;3m +0ms[39m
[32m[Nest] 435938  - [39m07/17/2026, 10:41:58 PM [32m    LOG[39m [38;5;3m[RouterExplorer] [39m[32mMapped {/api/extension/applications/:id/comms, GET} route[39m[38;5;3m +1ms[39m
[32m[Nest] 435938  - [39m07/17/2026, 10:41:58 PM [32m    LOG[39m [38;5;3m[RouterExplorer] [39m[32mMapped {/api/extension/applications/:id/referral, POST} route[39m[38;5;3m +0ms[39m
[32m[Nest] 435938  - [39m07/17/2026, 10:41:58 PM [32m    LOG[39m [38;5;3m[RouterExplorer] [39m[32mMapped {/api/extension/applications/:id/referral, GET} route[39m[38;5;3m +1ms[39m
[32m[Nest] 435938  - [39m07/17/2026, 10:41:58 PM [32m    LOG[39m [38;5;3m[RouterExplorer] [39m[32mMapped {/api/extension/applications/analytics, GET} route[39m[38;5;3m +1ms[39m
[32m[Nest] 435938  - [39m07/17/2026, 10:41:58 PM [32m    LOG[39m [38;5;3m[RoutesResolver] [39m[32mApplicationTrackerController {/api/applications}:[39m[38;5;3m +0ms[39m
[32m[Nest] 435938  - [39m07/17/2026, 10:41:58 PM [32m    LOG[39m [38;5;3m[RouterExplorer] [39m[32mMapped {/api/applications, POST} route[39m[38;5;3m +2ms[39m
[32m[Nest] 435938  - [39m07/17/2026, 10:41:58 PM [32m    LOG[39m [38;5;3m[RouterExplorer] [39m[32mMapped {/api/applications, GET} route[39m[38;5;3m +1ms[39m
[32m[Nest] 435938  - [39m07/17/2026, 10:41:58 PM [32m    LOG[39m [38;5;3m[RouterExplorer] [39m[32mMapped {/api/applications/pipeline, GET} route[39m[38;5;3m +1ms[39m
[32m[Nest] 435938  - [39m07/17/2026, 10:41:58 PM [32m    LOG[39m [38;5;3m[RouterExplorer] [39m[32mMapped {/api/applications/analytics, GET} route[39m[38;5;3m +1ms[39m
[32m[Nest] 435938  - [39m07/17/2026, 10:41:58 PM [32m    LOG[39m [38;5;3m[RouterExplorer] [39m[32mMapped {/api/applications/:id, GET} route[39m[38;5;3m +3ms[39m
[32m[Nest] 435938  - [39m07/17/2026, 10:41:58 PM [32m    LOG[39m [38;5;3m[RouterExplorer] [39m[32mMapped {/api/applications/:id, PATCH} route[39m[38;5;3m +0ms[39m
[32m[Nest] 435938  - [39m07/17/2026, 10:41:58 PM [32m    LOG[39m [38;5;3m[RouterExplorer] [39m[32mMapped {/api/applications/:id, DELETE} route[39m[38;5;3m +1ms[39m
[32m[Nest] 435938  - [39m07/17/2026, 10:41:58 PM [32m    LOG[39m [38;5;3m[RouterExplorer] [39m[32mMapped {/api/applications/:id/status, PATCH} route[39m[38;5;3m +1ms[39m
[32m[Nest] 435938  - [39m07/17/2026, 10:41:58 PM [32m    LOG[39m [38;5;3m[RouterExplorer] [39m[32mMapped {/api/applications/:id/comms, POST} route[39m[38;5;3m +1ms[39m
[32m[Nest] 435938  - [39m07/17/2026, 10:41:58 PM [32m    LOG[39m [38;5;3m[RouterExplorer] [39m[32mMapped {/api/applications/:id/comms, GET} route[39m[38;5;3m +1ms[39m
[32m[Nest] 435938  - [39m07/17/2026, 10:41:58 PM [32m    LOG[39m [38;5;3m[RouterExplorer] [39m[32mMapped {/api/applications/:id/referral, POST} route[39m[38;5;3m +0ms[39m
[32m[Nest] 435938  - [39m07/17/2026, 10:41:58 PM [32m    LOG[39m [38;5;3m[RouterExplorer] [39m[32mMapped {/api/applications/:id/referral, GET} route[39m[38;5;3m +1ms[39m
[32m[Nest] 435938  - [39m07/17/2026, 10:41:58 PM [32m    LOG[39m [38;5;3m[RoutesResolver] [39m[32mInterviewPrepController {/api/interview-prep}:[39m[38;5;3m +0ms[39m
[32m[Nest] 435938  - [39m07/17/2026, 10:41:58 PM [32m    LOG[39m [38;5;3m[RouterExplorer] [39m[32mMapped {/api/interview-prep/briefing, POST} route[39m[38;5;3m +1ms[39m
[32m[Nest] 435938  - [39m07/17/2026, 10:41:58 PM [32m    LOG[39m [38;5;3m[RouterExplorer] [39m[32mMapped {/api/interview-prep/briefings, GET} route[39m[38;5;3m +1ms[39m
[32m[Nest] 435938  - [39m07/17/2026, 10:41:58 PM [32m    LOG[39m [38;5;3m[RouterExplorer] [39m[32mMapped {/api/interview-prep/briefing/:id, GET} route[39m[38;5;3m +1ms[39m
[32m[Nest] 435938  - [39m07/17/2026, 10:41:58 PM [32m    LOG[39m [38;5;3m[RouterExplorer] [39m[32mMapped {/api/interview-prep/briefing/:id, DELETE} route[39m[38;5;3m +0ms[39m
[32m[Nest] 435938  - [39m07/17/2026, 10:41:58 PM [32m    LOG[39m [38;5;3m[RouterExplorer] [39m[32mMapped {/api/interview-prep/technical, POST} route[39m[38;5;3m +1ms[39m
[32m[Nest] 435938  - [39m07/17/2026, 10:41:58 PM [32m    LOG[39m [38;5;3m[RouterExplorer] [39m[32mMapped {/api/interview-prep/technicals, GET} route[39m[38;5;3m +1ms[39m
[32m[Nest] 435938  - [39m07/17/2026, 10:41:58 PM [32m    LOG[39m [38;5;3m[RouterExplorer] [39m[32mMapped {/api/interview-prep/technical/:id, GET} route[39m[38;5;3m +1ms[39m
[32m[Nest] 435938  - [39m07/17/2026, 10:41:58 PM [32m    LOG[39m [38;5;3m[RouterExplorer] [39m[32mMapped {/api/interview-prep/technical/:id, DELETE} route[39m[38;5;3m +1ms[39m
[32m[Nest] 435938  - [39m07/17/2026, 10:41:58 PM [32m    LOG[39m [38;5;3m[RouterExplorer] [39m[32mMapped {/api/interview-prep/behavioral, POST} route[39m[38;5;3m +1ms[39m
[32m[Nest] 435938  - [39m07/17/2026, 10:41:58 PM [32m    LOG[39m [38;5;3m[RouterExplorer] [39m[32mMapped {/api/interview-prep/behaviorals, GET} route[39m[38;5;3m +1ms[39m
[32m[Nest] 435938  - [39m07/17/2026, 10:41:58 PM [32m    LOG[39m [38;5;3m[RouterExplorer] [39m[32mMapped {/api/interview-prep/behavioral/:id, GET} route[39m[38;5;3m +1ms[39m
[32m[Nest] 435938  - [39m07/17/2026, 10:41:58 PM [32m    LOG[39m [38;5;3m[RouterExplorer] [39m[32mMapped {/api/interview-prep/behavioral/:id, DELETE} route[39m[38;5;3m +1ms[39m
[32m[Nest] 435938  - [39m07/17/2026, 10:41:58 PM [32m    LOG[39m [38;5;3m[RouterExplorer] [39m[32mMapped {/api/interview-prep/mock-interview, POST} route[39m[38;5;3m +1ms[39m
[32m[Nest] 435938  - [39m07/17/2026, 10:41:58 PM [32m    LOG[39m [38;5;3m[RouterExplorer] [39m[32mMapped {/api/interview-prep/mock-interviews, GET} route[39m[38;5;3m +0ms[39m
[32m[Nest] 435938  - [39m07/17/2026, 10:41:58 PM [32m    LOG[39m [38;5;3m[RouterExplorer] [39m[32mMapped {/api/interview-prep/mock-interview/:id, GET} route[39m[38;5;3m +1ms[39m
[32m[Nest] 435938  - [39m07/17/2026, 10:41:58 PM [32m    LOG[39m [38;5;3m[RouterExplorer] [39m[32mMapped {/api/interview-prep/mock-interview/:id/message, POST} route[39m[38;5;3m +1ms[39m
[32m[Nest] 435938  - [39m07/17/2026, 10:41:58 PM [32m    LOG[39m [38;5;3m[RouterExplorer] [39m[32mMapped {/api/interview-prep/mock-interview/:id, DELETE} route[39m[38;5;3m +1ms[39m
[32m[Nest] 435938  - [39m07/17/2026, 10:41:58 PM [32m    LOG[39m [38;5;3m[RouterExplorer] [39m[32mMapped {/api/interview-prep/cheat-sheet, POST} route[39m[38;5;3m +1ms[39m
[32m[Nest] 435938  - [39m07/17/2026, 10:41:58 PM [32m    LOG[39m [38;5;3m[RouterExplorer] [39m[32mMapped {/api/interview-prep/cheat-sheets, GET} route[39m[38;5;3m +2ms[39m
[32m[Nest] 435938  - [39m07/17/2026, 10:41:58 PM [32m    LOG[39m [38;5;3m[RouterExplorer] [39m[32mMapped {/api/interview-prep/cheat-sheet/:id, GET} route[39m[38;5;3m +1ms[39m
[32m[Nest] 435938  - [39m07/17/2026, 10:41:58 PM [32m    LOG[39m [38;5;3m[RouterExplorer] [39m[32mMapped {/api/interview-prep/cheat-sheet/:id, DELETE} route[39m[38;5;3m +1ms[39m
[32m[Nest] 435938  - [39m07/17/2026, 10:41:58 PM [32m    LOG[39m [38;5;3m[RouterExplorer] [39m[32mMapped {/api/interview-prep/schedule, POST} route[39m[38;5;3m +2ms[39m
[32m[Nest] 435938  - [39m07/17/2026, 10:41:58 PM [32m    LOG[39m [38;5;3m[RouterExplorer] [39m[32mMapped {/api/interview-prep/schedule, GET} route[39m[38;5;3m +1ms[39m
[32m[Nest] 435938  - [39m07/17/2026, 10:41:58 PM [32m    LOG[39m [38;5;3m[RouterExplorer] [39m[32mMapped {/api/interview-prep/schedule/upcoming, GET} route[39m[38;5;3m +1ms[39m
[32m[Nest] 435938  - [39m07/17/2026, 10:41:58 PM [32m    LOG[39m [38;5;3m[RouterExplorer] [39m[32mMapped {/api/interview-prep/schedule/:id, GET} route[39m[38;5;3m +1ms[39m
[32m[Nest] 435938  - [39m07/17/2026, 10:41:58 PM [32m    LOG[39m [38;5;3m[RouterExplorer] [39m[32mMapped {/api/interview-prep/schedule/:id, PATCH} route[39m[38;5;3m +1ms[39m
[32m[Nest] 435938  - [39m07/17/2026, 10:41:58 PM [32m    LOG[39m [38;5;3m[RouterExplorer] [39m[32mMapped {/api/interview-prep/schedule/:id, DELETE} route[39m[38;5;3m +1ms[39m
[32m[Nest] 435938  - [39m07/17/2026, 10:41:58 PM [32m    LOG[39m [38;5;3m[RoutesResolver] [39m[32mInterviewProcessController {/api/interview-process}:[39m[38;5;3m +0ms[39m
[32m[Nest] 435938  - [39m07/17/2026, 10:41:58 PM [32m    LOG[39m [38;5;3m[RouterExplorer] [39m[32mMapped {/api/interview-process/notes, POST} route[39m[38;5;3m +2ms[39m
[32m[Nest] 435938  - [39m07/17/2026, 10:41:58 PM [32m    LOG[39m [38;5;3m[RouterExplorer] [39m[32mMapped {/api/interview-process/notes, GET} route[39m[38;5;3m +1ms[39m
[32m[Nest] 435938  - [39m07/17/2026, 10:41:58 PM [32m    LOG[39m [38;5;3m[RouterExplorer] [39m[32mMapped {/api/interview-process/notes/:id, GET} route[39m[38;5;3m +1ms[39m
[32m[Nest] 435938  - [39m07/17/2026, 10:41:58 PM [32m    LOG[39m [38;5;3m[RouterExplorer] [39m[32mMapped {/api/interview-process/notes/:id, PATCH} route[39m[38;5;3m +0ms[39m
[32m[Nest] 435938  - [39m07/17/2026, 10:41:58 PM [32m    LOG[39m [38;5;3m[RouterExplorer] [39m[32mMapped {/api/interview-process/notes/:id, DELETE} route[39m[38;5;3m +1ms[39m
[32m[Nest] 435938  - [39m07/17/2026, 10:41:58 PM [32m    LOG[39m [38;5;3m[RouterExplorer] [39m[32mMapped {/api/interview-process/notes/:noteId/feedback, POST} route[39m[38;5;3m +1ms[39m
[32m[Nest] 435938  - [39m07/17/2026, 10:41:58 PM [32m    LOG[39m [38;5;3m[RouterExplorer] [39m[32mMapped {/api/interview-process/notes/:noteId/feedback, GET} route[39m[38;5;3m +1ms[39m
[32m[Nest] 435938  - [39m07/17/2026, 10:41:58 PM [32m    LOG[39m [38;5;3m[RouterExplorer] [39m[32mMapped {/api/interview-process/feedback/:id, PATCH} route[39m[38;5;3m +1ms[39m
[32m[Nest] 435938  - [39m07/17/2026, 10:41:58 PM [32m    LOG[39m [38;5;3m[RouterExplorer] [39m[32mMapped {/api/interview-process/feedback/:id, DELETE} route[39m[38;5;3m +0ms[39m
[32m[Nest] 435938  - [39m07/17/2026, 10:41:58 PM [32m    LOG[39m [38;5;3m[RouterExplorer] [39m[32mMapped {/api/interview-process/follow-up-emails, POST} route[39m[38;5;3m +1ms[39m
[32m[Nest] 435938  - [39m07/17/2026, 10:41:58 PM [32m    LOG[39m [38;5;3m[RouterExplorer] [39m[32mMapped {/api/interview-process/follow-up-emails, GET} route[39m[38;5;3m +1ms[39m
[32m[Nest] 435938  - [39m07/17/2026, 10:41:58 PM [32m    LOG[39m [38;5;3m[RouterExplorer] [39m[32mMapped {/api/interview-process/follow-up-emails/:id, GET} route[39m[38;5;3m +0ms[39m
[32m[Nest] 435938  - [39m07/17/2026, 10:41:58 PM [32m    LOG[39m [38;5;3m[RouterExplorer] [39m[32mMapped {/api/interview-process/follow-up-emails/:id, PATCH} route[39m[38;5;3m +0ms[39m
[32m[Nest] 435938  - [39m07/17/2026, 10:41:58 PM [32m    LOG[39m [38;5;3m[RouterExplorer] [39m[32mMapped {/api/interview-process/follow-up-emails/:id, DELETE} route[39m[38;5;3m +1ms[39m
[32m[Nest] 435938  - [39m07/17/2026, 10:41:58 PM [32m    LOG[39m [38;5;3m[RouterExplorer] [39m[32mMapped {/api/interview-process/follow-up-emails/generate, POST} route[39m[38;5;3m +0ms[39m
[32m[Nest] 435938  - [39m07/17/2026, 10:41:58 PM [32m    LOG[39m [38;5;3m[RouterExplorer] [39m[32mMapped {/api/interview-process/panel-interviews, POST} route[39m[38;5;3m +1ms[39m
[32m[Nest] 435938  - [39m07/17/2026, 10:41:58 PM [32m    LOG[39m [38;5;3m[RouterExplorer] [39m[32mMapped {/api/interview-process/panel-interviews, GET} route[39m[38;5;3m +0ms[39m
[32m[Nest] 435938  - [39m07/17/2026, 10:41:58 PM [32m    LOG[39m [38;5;3m[RouterExplorer] [39m[32mMapped {/api/interview-process/panel-interviews/:id, GET} route[39m[38;5;3m +1ms[39m
[32m[Nest] 435938  - [39m07/17/2026, 10:41:58 PM [32m    LOG[39m [38;5;3m[RouterExplorer] [39m[32mMapped {/api/interview-process/panel-interviews/:id, PATCH} route[39m[38;5;3m +1ms[39m
[32m[Nest] 435938  - [39m07/17/2026, 10:41:58 PM [32m    LOG[39m [38;5;3m[RouterExplorer] [39m[32mMapped {/api/interview-process/panel-interviews/:id, DELETE} route[39m[38;5;3m +2ms[39m
[32m[Nest] 435938  - [39m07/17/2026, 10:41:58 PM [32m    LOG[39m [38;5;3m[RouterExplorer] [39m[32mMapped {/api/interview-process/case-studies, POST} route[39m[38;5;3m +0ms[39m
[32m[Nest] 435938  - [39m07/17/2026, 10:41:58 PM [32m    LOG[39m [38;5;3m[RouterExplorer] [39m[32mMapped {/api/interview-process/case-studies, GET} route[39m[38;5;3m +0ms[39m
[32m[Nest] 435938  - [39m07/17/2026, 10:41:58 PM [32m    LOG[39m [38;5;3m[RouterExplorer] [39m[32mMapped {/api/interview-process/case-studies/:id, GET} route[39m[38;5;3m +1ms[39m
[32m[Nest] 435938  - [39m07/17/2026, 10:41:58 PM [32m    LOG[39m [38;5;3m[RouterExplorer] [39m[32mMapped {/api/interview-process/case-studies/:id, PATCH} route[39m[38;5;3m +0ms[39m
[32m[Nest] 435938  - [39m07/17/2026, 10:41:58 PM [32m    LOG[39m [38;5;3m[RouterExplorer] [39m[32mMapped {/api/interview-process/case-studies/:id, DELETE} route[39m[38;5;3m +1ms[39m
[32m[Nest] 435938  - [39m07/17/2026, 10:41:58 PM [32m    LOG[39m [38;5;3m[RouterExplorer] [39m[32mMapped {/api/interview-process/case-studies/generate, POST} route[39m[38;5;3m +1ms[39m
[32m[Nest] 435938  - [39m07/17/2026, 10:41:58 PM [32m    LOG[39m [38;5;3m[RouterExplorer] [39m[32mMapped {/api/interview-process/analytics, GET} route[39m[38;5;3m +1ms[39m
[32m[Nest] 435938  - [39m07/17/2026, 10:41:58 PM [32m    LOG[39m [38;5;3m[RoutesResolver] [39m[32mOfferNegotiationController {/api/offer-negotiation}:[39m[38;5;3m +0ms[39m
[32m[Nest] 435938  - [39m07/17/2026, 10:41:58 PM [32m    LOG[39m [38;5;3m[RouterExplorer] [39m[32mMapped {/api/offer-negotiation/comparisons, POST} route[39m[38;5;3m +1ms[39m
[32m[Nest] 435938  - [39m07/17/2026, 10:41:58 PM [32m    LOG[39m [38;5;3m[RouterExplorer] [39m[32mMapped {/api/offer-negotiation/comparisons, GET} route[39m[38;5;3m +1ms[39m
[32m[Nest] 435938  - [39m07/17/2026, 10:41:58 PM [32m    LOG[39m [38;5;3m[RouterExplorer] [39m[32mMapped {/api/offer-negotiation/comparisons/:id, GET} route[39m[38;5;3m +0ms[39m
[32m[Nest] 435938  - [39m07/17/2026, 10:41:58 PM [32m    LOG[39m [38;5;3m[RouterExplorer] [39m[32mMapped {/api/offer-negotiation/comparisons/:id, DELETE} route[39m[38;5;3m +1ms[39m
[32m[Nest] 435938  - [39m07/17/2026, 10:41:58 PM [32m    LOG[39m [38;5;3m[RouterExplorer] [39m[32mMapped {/api/offer-negotiation/coaches, POST} route[39m[38;5;3m +1ms[39m
[32m[Nest] 435938  - [39m07/17/2026, 10:41:58 PM [32m    LOG[39m [38;5;3m[RouterExplorer] [39m[32mMapped {/api/offer-negotiation/coaches, GET} route[39m[38;5;3m +1ms[39m
[32m[Nest] 435938  - [39m07/17/2026, 10:41:58 PM [32m    LOG[39m [38;5;3m[RouterExplorer] [39m[32mMapped {/api/offer-negotiation/coaches/:id, GET} route[39m[38;5;3m +1ms[39m
[32m[Nest] 435938  - [39m07/17/2026, 10:41:58 PM [32m    LOG[39m [38;5;3m[RouterExplorer] [39m[32mMapped {/api/offer-negotiation/coaches/:id, DELETE} route[39m[38;5;3m +6ms[39m
[32m[Nest] 435938  - [39m07/17/2026, 10:41:58 PM [32m    LOG[39m [38;5;3m[RouterExplorer] [39m[32mMapped {/api/offer-negotiation/equity/calculate, POST} route[39m[38;5;3m +3ms[39m
[32m[Nest] 435938  - [39m07/17/2026, 10:41:58 PM [32m    LOG[39m [38;5;3m[RouterExplorer] [39m[32mMapped {/api/offer-negotiation/benefits/analyze, POST} route[39m[38;5;3m +3ms[39m
[32m[Nest] 435938  - [39m07/17/2026, 10:41:58 PM [32m    LOG[39m [38;5;3m[RouterExplorer] [39m[32mMapped {/api/offer-negotiation/decisions, POST} route[39m[38;5;3m +1ms[39m
[32m[Nest] 435938  - [39m07/17/2026, 10:41:58 PM [32m    LOG[39m [38;5;3m[RouterExplorer] [39m[32mMapped {/api/offer-negotiation/decisions, GET} route[39m[38;5;3m +1ms[39m
[32m[Nest] 435938  - [39m07/17/2026, 10:41:58 PM [32m    LOG[39m [38;5;3m[RouterExplorer] [39m[32mMapped {/api/offer-negotiation/decisions/:id, GET} route[39m[38;5;3m +1ms[39m
[32m[Nest] 435938  - [39m07/17/2026, 10:41:58 PM [32m    LOG[39m [38;5;3m[RouterExplorer] [39m[32mMapped {/api/offer-negotiation/decisions/:id, DELETE} route[39m[38;5;3m +2ms[39m
[32m[Nest] 435938  - [39m07/17/2026, 10:41:58 PM [32m    LOG[39m [38;5;3m[RouterExplorer] [39m[32mMapped {/api/offer-negotiation/resignation-letters, POST} route[39m[38;5;3m +1ms[39m
[32m[Nest] 435938  - [39m07/17/2026, 10:41:58 PM [32m    LOG[39m [38;5;3m[RouterExplorer] [39m[32mMapped {/api/offer-negotiation/resignation-letters, GET} route[39m[38;5;3m +0ms[39m
[32m[Nest] 435938  - [39m07/17/2026, 10:41:58 PM [32m    LOG[39m [38;5;3m[RouterExplorer] [39m[32mMapped {/api/offer-negotiation/resignation-letters/:id, GET} route[39m[38;5;3m +1ms[39m
[32m[Nest] 435938  - [39m07/17/2026, 10:41:58 PM [32m    LOG[39m [38;5;3m[RouterExplorer] [39m[32mMapped {/api/offer-negotiation/resignation-letters/:id, DELETE} route[39m[38;5;3m +1ms[39m
[32m[Nest] 435938  - [39m07/17/2026, 10:41:58 PM [32m    LOG[39m [38;5;3m[RoutesResolver] [39m[32mPostOnboardingController {/api/post-onboarding}:[39m[38;5;3m +0ms[39m
[32m[Nest] 435938  - [39m07/17/2026, 10:41:58 PM [32m    LOG[39m [38;5;3m[RouterExplorer] [39m[32mMapped {/api/post-onboarding/plans, POST} route[39m[38;5;3m +1ms[39m
[32m[Nest] 435938  - [39m07/17/2026, 10:41:58 PM [32m    LOG[39m [38;5;3m[RouterExplorer] [39m[32mMapped {/api/post-onboarding/plans, GET} route[39m[38;5;3m +2ms[39m
[32m[Nest] 435938  - [39m07/17/2026, 10:41:58 PM [32m    LOG[39m [38;5;3m[RouterExplorer] [39m[32mMapped {/api/post-onboarding/plans/:id, GET} route[39m[38;5;3m +0ms[39m
[32m[Nest] 435938  - [39m07/17/2026, 10:41:58 PM [32m    LOG[39m [38;5;3m[RouterExplorer] [39m[32mMapped {/api/post-onboarding/plans/:id, DELETE} route[39m[38;5;3m +1ms[39m
[32m[Nest] 435938  - [39m07/17/2026, 10:41:58 PM [32m    LOG[39m [38;5;3m[RouterExplorer] [39m[32mMapped {/api/post-onboarding/checklists, POST} route[39m[38;5;3m +1ms[39m
[32m[Nest] 435938  - [39m07/17/2026, 10:41:58 PM [32m    LOG[39m [38;5;3m[RouterExplorer] [39m[32mMapped {/api/post-onboarding/checklists, GET} route[39m[38;5;3m +0ms[39m
[32m[Nest] 435938  - [39m07/17/2026, 10:41:58 PM [32m    LOG[39m [38;5;3m[RouterExplorer] [39m[32mMapped {/api/post-onboarding/checklists/:id, GET} route[39m[38;5;3m +1ms[39m
[32m[Nest] 435938  - [39m07/17/2026, 10:41:58 PM [32m    LOG[39m [38;5;3m[RouterExplorer] [39m[32mMapped {/api/post-onboarding/checklists/:id/items, PATCH} route[39m[38;5;3m +1ms[39m
[32m[Nest] 435938  - [39m07/17/2026, 10:41:58 PM [32m    LOG[39m [38;5;3m[RouterExplorer] [39m[32mMapped {/api/post-onboarding/checklists/:id, DELETE} route[39m[38;5;3m +1ms[39m
[32m[Nest] 435938  - [39m07/17/2026, 10:41:58 PM [32m    LOG[39m [38;5;3m[RouterExplorer] [39m[32mMapped {/api/post-onboarding/alignments, POST} route[39m[38;5;3m +0ms[39m
[32m[Nest] 435938  - [39m07/17/2026, 10:41:58 PM [32m    LOG[39m [38;5;3m[RouterExplorer] [39m[32mMapped {/api/post-onboarding/alignments, GET} route[39m[38;5;3m +1ms[39m
[32m[Nest] 435938  - [39m07/17/2026, 10:41:58 PM [32m    LOG[39m [38;5;3m[RouterExplorer] [39m[32mMapped {/api/post-onboarding/alignments/:id, GET} route[39m[38;5;3m +1ms[39m
[32m[Nest] 435938  - [39m07/17/2026, 10:41:58 PM [32m    LOG[39m [38;5;3m[RouterExplorer] [39m[32mMapped {/api/post-onboarding/alignments/:id, DELETE} route[39m[38;5;3m +1ms[39m
[32m[Nest] 435938  - [39m07/17/2026, 10:41:58 PM [32m    LOG[39m [38;5;3m[RouterExplorer] [39m[32mMapped {/api/post-onboarding/networks, POST} route[39m[38;5;3m +0ms[39m
[32m[Nest] 435938  - [39m07/17/2026, 10:41:58 PM [32m    LOG[39m [38;5;3m[RouterExplorer] [39m[32mMapped {/api/post-onboarding/networks, GET} route[39m[38;5;3m +1ms[39m
[32m[Nest] 435938  - [39m07/17/2026, 10:41:58 PM [32m    LOG[39m [38;5;3m[RouterExplorer] [39m[32mMapped {/api/post-onboarding/networks/:id, GET} route[39m[38;5;3m +0ms[39m
[32m[Nest] 435938  - [39m07/17/2026, 10:41:58 PM [32m    LOG[39m [38;5;3m[RouterExplorer] [39m[32mMapped {/api/post-onboarding/networks/:id, DELETE} route[39m[38;5;3m +2ms[39m
[32m[Nest] 435938  - [39m07/17/2026, 10:41:58 PM [32m    LOG[39m [38;5;3m[RouterExplorer] [39m[32mMapped {/api/post-onboarding/skills, POST} route[39m[38;5;3m +1ms[39m
[32m[Nest] 435938  - [39m07/17/2026, 10:41:58 PM [32m    LOG[39m [38;5;3m[RouterExplorer] [39m[32mMapped {/api/post-onboarding/skills, GET} route[39m[38;5;3m +0ms[39m
[32m[Nest] 435938  - [39m07/17/2026, 10:41:58 PM [32m    LOG[39m [38;5;3m[RouterExplorer] [39m[32mMapped {/api/post-onboarding/skills/:id, GET} route[39m[38;5;3m +1ms[39m
[32m[Nest] 435938  - [39m07/17/2026, 10:41:58 PM [32m    LOG[39m [38;5;3m[RouterExplorer] [39m[32mMapped {/api/post-onboarding/skills/:id, DELETE} route[39m[38;5;3m +2ms[39m
[32m[Nest] 435938  - [39m07/17/2026, 10:41:58 PM [32m    LOG[39m [38;5;3m[RouterExplorer] [39m[32mMapped {/api/post-onboarding/trackers, POST} route[39m[38;5;3m +3ms[39m
[32m[Nest] 435938  - [39m07/17/2026, 10:41:58 PM [32m    LOG[39m [38;5;3m[RouterExplorer] [39m[32mMapped {/api/post-onboarding/trackers, GET} route[39m[38;5;3m +1ms[39m
[32m[Nest] 435938  - [39m07/17/2026, 10:41:58 PM [32m    LOG[39m [38;5;3m[RouterExplorer] [39m[32mMapped {/api/post-onboarding/trackers/:id, GET} route[39m[38;5;3m +1ms[39m
[32m[Nest] 435938  - [39m07/17/2026, 10:41:58 PM [32m    LOG[39m [38;5;3m[RouterExplorer] [39m[32mMapped {/api/post-onboarding/trackers/:id, PATCH} route[39m[38;5;3m +1ms[39m
[32m[Nest] 435938  - [39m07/17/2026, 10:41:58 PM [32m    LOG[39m [38;5;3m[RouterExplorer] [39m[32mMapped {/api/post-onboarding/trackers/:id, DELETE} route[39m[38;5;3m +0ms[39m
Redis connected
[32m[Nest] 435938  - [39m07/17/2026, 10:42:00 PM [32m    LOG[39m [38;5;3m[NestApplication] [39m[32mNest application successfully started[39m[38;5;3m +1102ms[39m
Server running on http://localhost:3000
CORS origins: http://localhost:5173
[2m2026-07-17T17:56:03.023Z[0m [33mWARN[0m [1m[Better Auth]:[0m Invalid password
[32m[Nest] 435938  - [39m07/18/2026, 2:09:20 AM [32m    LOG[39m [38;5;3m[JobsService] [39m[32mSearching jobs for user z2y3Ph90DUFPOwTdCMbn5pW9vIozSkM1 with params:[39m
[32m[Nest] 435938  - [39m07/18/2026, 2:09:20 AM [32m    LOG[39m [38;5;3m[JobsService] [39mObject(6) {
  keywords: [
    [32m'React'[39m
  ],
  jobTypes: [
    [32m'full-time'[39m
  ],
  remoteTypes: [
    [32m'remote'[39m,
    [32m'onsite'[39m,
    [32m'hybrid'[39m
  ],
  sources: [
    [32m'linkedin'[39m
  ],
  page: [33m1[39m,
  limit: [33m20[39m
}
[32m[Nest] 435938  - [39m07/18/2026, 2:09:20 AM [32m    LOG[39m [38;5;3m[JobsService] [39m[32mJSearch query: "React employment_type:fulltime remote:remote,onsite,hybrid", page: 1, limit: 20[39m
[31m[Nest] 435938  - [39m07/18/2026, 2:09:21 AM [31m  ERROR[39m [38;5;3m[JobsService] [39m[31mJSearch API error, falling back to mock:[39m
[31m[Nest] 435938  - [39m07/18/2026, 2:09:21 AM [31m  ERROR[39m [38;5;3m[JobsService] [39mHttpException: JSearch API error: 403 - {"message":"You are not subscribed to this API."}
    at JobsService.searchJobsJSearch [90m(/run/media/usama/Files/Projects/ai-resume-analyzer/server/[39msrc/jobs/jobs.service.ts:223:13[90m)[39m
[90m    at process.processTicksAndRejections (node:internal/process/task_queues:104:5)[39m
    at async JobsService.searchJobs [90m(/run/media/usama/Files/Projects/ai-resume-analyzer/server/[39msrc/jobs/jobs.service.ts:136:16[90m)[39m
    at async [90m/run/media/usama/Files/Projects/ai-resume-analyzer/server/[39mnode_modules/[4m@nestjs/core[24m/router/router-execution-context.js:47:62
    at async [90m/run/media/usama/Files/Projects/ai-resume-analyzer/server/[39mnode_modules/[4m@nestjs/core[24m/router/router-proxy.js:9:17 {
  response: [32m'JSearch API error: 403 - {"message":"You are not subscribed to this API."}'[39m,
  status: [33m502[39m,
  options: [90mundefined[39m
}
[32m[Nest] 435938  - [39m07/18/2026, 2:15:32 AM [32m    LOG[39m [38;5;3m[JobsService] [39m[32mCache hit for job search: z2y3Ph90DUFPOwTdCMbn5pW9vIozSkM1:eyJqb2JUeXBlcyI6WyJmdWxsLXRpbWUiXSwia2V5d29yZHMiOlsiUmVhY3QiXSwibGltaXQiOjIwLCJwYWdlIjoxLCJyZW1vdGVUeXBlcyI6WyJyZW1vdGUiLCJvbnNpdGUiLCJoeWJyaWQiXSwic291cmNlcyI6WyJsaW5rZWRpbiJdfQ==[39m
